franken-node migrate rewrite
target: [PATH]
mode: apply
summary: manifests=1 rewrites_planned=2 rewrites_applied=2 manual_review_items=0
entries (2):
- [mig-rewrite-001:RewriteCommonJsRequire] rewrote 1 top-level CommonJS require declaration(s) to ESM imports (path: index.js) (applied=true)
- [mig-rewrite-002:PinNodeEngine] set engines.node to >=20 <23 to reduce migration runtime drift (path: package.json) (applied=true)
