{
  "schema_version": "1.0.0",
  "project_path": "[PATH]",
  "generated_at_utc": "[TIMESTAMP]",
  "apply_mode": true,
  "entry_count": 2,
  "entries": [
    {
      "path": "index.js",
      "original_content": "const fs = require(\"fs\");\nconsole.log(fs.existsSync(\"package.json\"));\n",
      "rewritten_content": "import fs from \"node:fs\";\nconsole.log(fs.existsSync(\"package.json\"));\n"
    },
    {
      "path": "package.json",
      "original_content": "{\n  \"name\": \"demo\",\n  \"version\": \"1.0.0\",\n  \"scripts\": {\n    \"test\": \"node test.js\"\n  }\n}\n",
      "rewritten_content": "{\n  \"engines\": {\n    \"node\": \">=20 <23\"\n  },\n  \"name\": \"demo\",\n  \"scripts\": {\n    \"test\": \"node test.js\"\n  },\n  \"version\": \"1.0.0\"\n}\n"
    }
  ]
}
