{"active_quarantine":false,"audit_history":[],"behavioral_profile":{"filesystem_access":false,"network_access":false,"profile_summary":"Minimal test profile","subprocess_access":false},"capability_declarations":[],"card_hash":"placeholder","certification_level":"bronze","dependency_trust_summary":[],"derivation_evidence":null,"extension":{"extension_id":"test:minimal","version":"1.0.0"},"last_verified_timestamp":"2026-04-23T06:30:00Z","previous_version_hash":null,"provenance_summary":{"artifact_hashes":["sha256:deadbeef"],"attestation_level":"basic","source_uri":"test://source","verified_at":"2026-04-23T06:30:00Z"},"publisher":{"display_name":"Test Publisher","publisher_id":"test:publisher"},"registry_signature":"placeholder","reputation_score_basis_points":7500,"reputation_trend":"stable","revocation_status":{"status":"active"},"schema_version":"franken-node/trust-card/v1","trust_card_version":1,"user_facing_risk_assessment":{"level":"low","summary":"Minimal risk profile"}}