{
  "assignment_id": "[ASSIGNMENT_ID]",
  "task_id": "[TASK_ID]",
  "task_class": "epoch_transition",
  "priority": "normal",
  "assigned_lane": 1,
  "trace_id": "runtime-lane-cli",
  "created_at": "[TIMESTAMP]",
  "status": "assigned",
  "estimated_duration_ms": null,
  "memory_limit_bytes": null,
  "queue_position": 0,
  "lane_config": {
    "max_concurrent": 10,
    "timeout_ms": 30000,
    "overflow_policy": "Reject"
  }
}