---
source: crates/franken-node/tests/fleet_cli_e2e.rs
expression: canonicalize_fleet_human_snapshot(&stdout)
---
fleet action: type=release operation_id=[operation-id]
  success=true
  event_code=FLEET-004
  receipt_id=[receipt-id] issuer=cli-fleet-operator zone=zone-release-human
  convergence=0/0 (100%) phase=Converged eta_seconds=Some(0)
  convergence_receipt_elapsed_ms=[elapsed-ms] timed_out=false
