---
source: tests/migrate_validate_goldens.rs
---
{
  "schema_version": "1.0.0",
  "project_path": "[PATH]",
  "generated_at_utc": "[TIMESTAMP]",
  "status": "fail",
  "checks": [
    {
      "id": "mig-validate-001",
      "passed": true,
      "message": "package manifests detected: 1",
      "remediation": "Ensure at least one package.json is present before validation."
    },
    {
      "id": "mig-validate-002",
      "passed": false,
      "message": "lockfiles detected: 0",
      "remediation": "Commit a lockfile (package-lock.json, pnpm-lock.yaml, yarn.lock, or bun.lockb)."
    },
    {
      "id": "mig-validate-003",
      "passed": false,
      "message": "risky install/build scripts: 1",
      "remediation": "Remove or harden risky install/build hooks before migration rollout."
    },
    {
      "id": "mig-validate-004",
      "passed": false,
      "message": "high-severity audit findings: 2",
      "remediation": "Resolve all high-severity migrate audit findings before validation can pass."
    }
  ],
  "blocking_findings": [
    {
      "id": "mig-audit-001",
      "category": "scripts",
      "severity": "high",
      "message": "detected 1 potentially risky install/build script(s)",
      "path": null,
      "recommendation": "Review and harden install/build scripts before enabling strict trust policy."
    },
    {
      "id": "mig-audit-002",
      "category": "scripts",
      "severity": "high",
      "message": "risky install/build script pattern detected in package.json",
      "path": "package.json",
      "recommendation": "Replace dynamic install hooks with deterministic build steps before migration."
    }
  ],
  "warning_findings": [
    {
      "id": "mig-audit-003",
      "category": "dependencies",
      "severity": "medium",
      "message": "no JavaScript lockfile detected",
      "path": null,
      "recommendation": "Generate and commit a lockfile (package-lock.json, pnpm-lock.yaml, yarn.lock, or bun.lockb) before migration."
    }
  ]
}
