---
source: crates/franken-node/tests/migrate_rewrite_goldens.rs
---
{
  "schema_version": "1.0.0",
  "project_path": "[PROJECT]",
  "generated_at_utc": "[TIMESTAMP]",
  "apply_mode": false,
  "entry_count": 3,
  "entries": [
    {
      "path": "index.js",
      "original_content": "const fs = require(\"fs\");\n\nconsole.log(fs.existsSync(\".\"));\n",
      "rewritten_content": "import fs from \"node:fs\";\n\nconsole.log(fs.existsSync(\".\"));\n"
    },
    {
      "path": "package.json",
      "original_content": "{\n  \"name\": \"migrate-rewrite-shell-commonjs-fixture\",\n  \"version\": \"1.0.0\",\n  \"scripts\": {\n    \"start\": \"NODE_OPTIONS=--trace-warnings node index.js && bun scripts/build.mjs\"\n  }\n}\n",
      "rewritten_content": "{\n  \"name\": \"migrate-rewrite-shell-commonjs-fixture\",\n  \"version\": \"1.0.0\",\n  \"scripts\": {\n    \"start\": \"NODE_OPTIONS=--trace-warnings franken-node index.js && franken-node scripts/build.mjs\"\n  },\n  \"engines\": {\n    \"node\": \">=20 <23\"\n  }\n}\n"
    },
    {
      "path": "scripts/build.mjs",
      "original_content": "import { readFileSync } from \"fs\";\n\nconsole.log(readFileSync(new URL(\"../package.json\", import.meta.url), \"utf8\").length);\n",
      "rewritten_content": "import { readFileSync } from \"node:fs\";\n\nconsole.log(readFileSync(new URL(\"../package.json\", import.meta.url), \"utf8\").length);\n"
    }
  ]
}
